../Core/Src/main.c:44:6:HAL_TIM_PeriodElapsedCallback	16	static
../Core/Src/main.c:79:5:main	16	static
../Core/Src/main.c:172:6:HAL_UART_RccpltCallback	16	static
../Core/Src/main.c:186:6:SystemClock_Config	88	static
../Core/Src/main.c:233:13:MX_ADC1_Init	24	static
../Core/Src/main.c:280:13:MX_TIM1_Init	96	static
../Core/Src/main.c:356:13:MX_TIM2_Init	32	static
../Core/Src/main.c:401:13:MX_TIM3_Init	32	static
../Core/Src/main.c:460:13:MX_USART1_UART_Init	8	static
../Core/Src/main.c:493:13:MX_GPIO_Init	40	static
../Core/Src/main.c:548:6:Error_Handler	4	static,ignoring_inline_asm
